test_directed_remove_and_rewire_do_not_leave_reverse_arcs (test_independent.GraphMutationTests.test_directed_remove_and_rewire_do_not_leave_reverse_arcs) ... ok
test_edge_rewire_updates_both_undirected_adjacencies (test_independent.GraphMutationTests.test_edge_rewire_updates_both_undirected_adjacencies) ... ok
test_edge_weight_update_changes_solution (test_independent.GraphMutationTests.test_edge_weight_update_changes_solution) ... ok
test_external_views_and_value_objects_cannot_corrupt_graph (test_independent.GraphMutationTests.test_external_views_and_value_objects_cannot_corrupt_graph) ... ok
test_failed_mutations_are_atomic (test_independent.GraphMutationTests.test_failed_mutations_are_atomic) ... ok
test_node_update_does_not_change_routes (test_independent.GraphMutationTests.test_node_update_does_not_change_routes) ... ok
test_remove_and_readd_uses_new_weight (test_independent.GraphMutationTests.test_remove_and_readd_uses_new_weight) ... ok
test_removing_node_removes_all_incident_edges (test_independent.GraphMutationTests.test_removing_node_removes_all_incident_edges) ... ok
test_bijective_renaming_preserves_optimal_cost (test_independent.IndependentAlgorithmTests.test_bijective_renaming_preserves_optimal_cost) ... ok
test_decimal_context_cannot_change_route_or_cost (test_independent.IndependentAlgorithmTests.test_decimal_context_cannot_change_route_or_cost) ... ok
test_decimal_context_cannot_erase_micro_difference (test_independent.IndependentAlgorithmTests.test_decimal_context_cannot_erase_micro_difference) ... ok
test_disconnected_extension_cannot_change_existing_solution (test_independent.IndependentAlgorithmTests.test_disconnected_extension_cannot_change_existing_solution) ... ok
test_exhaustive_three_node_directed_graphs (test_independent.IndependentAlgorithmTests.test_exhaustive_three_node_directed_graphs) ... ok
test_input_order_does_not_change_tie_route_or_trace (test_independent.IndependentAlgorithmTests.test_input_order_does_not_change_tie_route_or_trace) ... ok
test_json_round_trip_preserves_exact_decimal_result (test_independent.IndependentAlgorithmTests.test_json_round_trip_preserves_exact_decimal_result) ... ok
test_named_contract_scenarios (test_independent.IndependentAlgorithmTests.test_named_contract_scenarios) ... ok
test_oracle_cross_check_with_floyd_warshall (test_independent.IndependentAlgorithmTests.test_oracle_cross_check_with_floyd_warshall) ... ok
test_positive_scaling_preserves_unique_route (test_independent.IndependentAlgorithmTests.test_positive_scaling_preserves_unique_route) ... ok
test_seeded_graphs_against_independent_oracle (test_independent.IndependentAlgorithmTests.test_seeded_graphs_against_independent_oracle) ... ok
test_solve_does_not_mutate_input_and_results_are_isolated (test_independent.IndependentAlgorithmTests.test_solve_does_not_mutate_input_and_results_are_isolated) ... ok
test_tentative_distance_is_not_replaced_by_final_oracle_value (test_independent.IndependentAlgorithmTests.test_tentative_distance_is_not_replaced_by_final_oracle_value) ... ok
test_trace_disabled_keeps_same_solution_without_events (test_independent.IndependentAlgorithmTests.test_trace_disabled_keeps_same_solution_without_events) ... ok
test_coordinate_bounds_and_types (test_independent.ValidationBoundaryTests.test_coordinate_bounds_and_types) ... ok
test_duplicate_nodes_edges_and_parallel_connections (test_independent.ValidationBoundaryTests.test_duplicate_nodes_edges_and_parallel_connections) ... ok
test_error_messages_for_unexpected_keys_are_utf8_safe (test_independent.ValidationBoundaryTests.test_error_messages_for_unexpected_keys_are_utf8_safe) ... ok
test_extreme_decimal_exponents_are_controlled (test_independent.ValidationBoundaryTests.test_extreme_decimal_exponents_are_controlled) ... ok
test_extreme_json_has_controlled_validation_error (test_independent.ValidationBoundaryTests.test_extreme_json_has_controlled_validation_error) ... ok
test_invalid_weights_are_explicitly_rejected (test_independent.ValidationBoundaryTests.test_invalid_weights_are_explicitly_rejected) ... ok
test_json_parser_rejects_duplicates_and_nonstandard_numbers (test_independent.ValidationBoundaryTests.test_json_parser_rejects_duplicates_and_nonstandard_numbers) ... ok
test_maximum_edges_and_one_beyond (test_independent.ValidationBoundaryTests.test_maximum_edges_and_one_beyond) ... ok
test_maximum_nodes_and_one_beyond (test_independent.ValidationBoundaryTests.test_maximum_nodes_and_one_beyond) ... ok
test_node_and_edge_identifier_contract (test_independent.ValidationBoundaryTests.test_node_and_edge_identifier_contract) ... ok
test_nonexistent_endpoints (test_independent.ValidationBoundaryTests.test_nonexistent_endpoints) ... ok
test_oversized_numeric_representation_is_rejected_before_normalization (test_independent.ValidationBoundaryTests.test_oversized_numeric_representation_is_rejected_before_normalization) ... ok
test_precisely_representable_weight_variants (test_independent.ValidationBoundaryTests.test_precisely_representable_weight_variants) ... ok
test_top_level_and_required_field_types (test_independent.ValidationBoundaryTests.test_top_level_and_required_field_types) ... ok
test_unicode_labels_remain_data_and_enforce_length (test_independent.ValidationBoundaryTests.test_unicode_labels_remain_data_and_enforce_length) ... ok
test_unpaired_surrogate_cannot_break_utf8_responses (test_independent.ValidationBoundaryTests.test_unpaired_surrogate_cannot_break_utf8_responses) ... ok

----------------------------------------------------------------------
Ran 38 tests in 4.092s

OK
